{u'Datapoints': [], 'ResponseMetadata': {'RetryAttempts': 0, 'HTTPStatusCode': 200, 'RequestId': 'ee81e58f-cf46-11e7-99fb-77ae93edb72c', 'HTTPHeaders': {'x-amzn-requestid': 'ee81e58f-cf46-11e7-99fb-77ae93edb72c', 'date': 'Wed, 22 Nov 2017 05:35:20 GMT', 'content-length': '339', 'content-type': 'text/xml'}}, u'Label': 'TaskNodesRunning'}{u'Datapoints': [], 'ResponseMetadata': {'RetryAttempts': 0, 'HTTPStatusCode': 200, 'RequestId': 'f156d792-cf46-11e7-ad62-bbe18cf7622b', 'HTTPHeaders': {'x-amzn-requestid': 'f156d792-cf46-11e7-ad62-bbe18cf7622b', 'date': 'Wed, 22 Nov 2017 05:35:25 GMT', 'content-length': '339', 'content-type': 'text/xml'}}, u'Label': 'TaskNodesRunning'}