{u'Datapoints': [], 'ResponseMetadata': {'RetryAttempts': 0, 'HTTPStatusCode': 200, 'RequestId': '277ab40a-cf47-11e7-bd0f-d59aca89a270', 'HTTPHeaders': {'x-amzn-requestid': '277ab40a-cf47-11e7-bd0f-d59aca89a270', 'date': 'Wed, 22 Nov 2017 05:36:56 GMT', 'content-length': '339', 'content-type': 'text/xml'}}, u'Label': 'TaskNodesRunning'}{u'Datapoints': [], 'ResponseMetadata': {'RetryAttempts': 0, 'HTTPStatusCode': 200, 'RequestId': '2a47b79e-cf47-11e7-9aa0-456687d4fc92', 'HTTPHeaders': {'x-amzn-requestid': '2a47b79e-cf47-11e7-9aa0-456687d4fc92', 'date': 'Wed, 22 Nov 2017 05:37:00 GMT', 'content-length': '339', 'content-type': 'text/xml'}}, u'Label': 'TaskNodesRunning'}