{u'Datapoints': [], 'ResponseMetadata': {'RetryAttempts': 0, 'HTTPStatusCode': 200, 'RequestId': 'f59e92fd-cf46-11e7-838e-2bf9252a10a2', 'HTTPHeaders': {'x-amzn-requestid': 'f59e92fd-cf46-11e7-838e-2bf9252a10a2', 'date': 'Wed, 22 Nov 2017 05:35:33 GMT', 'content-length': '339', 'content-type': 'text/xml'}}, u'Label': 'TaskNodesRunning'}{u'Datapoints': [], 'ResponseMetadata': {'RetryAttempts': 0, 'HTTPStatusCode': 200, 'RequestId': 'f8389f05-cf46-11e7-8b56-2f87ee5025de', 'HTTPHeaders': {'x-amzn-requestid': 'f8389f05-cf46-11e7-8b56-2f87ee5025de', 'date': 'Wed, 22 Nov 2017 05:35:36 GMT', 'content-length': '339', 'content-type': 'text/xml'}}, u'Label': 'TaskNodesRunning'}