{u'Datapoints': [], 'ResponseMetadata': {'RetryAttempts': 0, 'HTTPStatusCode': 200, 'RequestId': '32ae4a5f-cf47-11e7-b596-19a641b84a44', 'HTTPHeaders': {'x-amzn-requestid': '32ae4a5f-cf47-11e7-b596-19a641b84a44', 'date': 'Wed, 22 Nov 2017 05:37:15 GMT', 'content-length': '339', 'content-type': 'text/xml'}}, u'Label': 'TaskNodesRunning'}{u'Datapoints': [], 'ResponseMetadata': {'RetryAttempts': 0, 'HTTPStatusCode': 200, 'RequestId': '34d6cf75-cf47-11e7-bcd0-d1f1bffa9f11', 'HTTPHeaders': {'x-amzn-requestid': '34d6cf75-cf47-11e7-bcd0-d1f1bffa9f11', 'date': 'Wed, 22 Nov 2017 05:37:18 GMT', 'content-length': '339', 'content-type': 'text/xml'}}, u'Label': 'TaskNodesRunning'}