{u'Datapoints': [], 'ResponseMetadata': {'RetryAttempts': 0, 'HTTPStatusCode': 200, 'RequestId': 'd5c69122-cf46-11e7-9251-89bbbc407da8', 'HTTPHeaders': {'x-amzn-requestid': 'd5c69122-cf46-11e7-9251-89bbbc407da8', 'date': 'Wed, 22 Nov 2017 05:34:39 GMT', 'content-length': '339', 'content-type': 'text/xml'}}, u'Label': 'TaskNodesRunning'}{u'Datapoints': [], 'ResponseMetadata': {'RetryAttempts': 0, 'HTTPStatusCode': 200, 'RequestId': 'd8328872-cf46-11e7-aa94-0750af75b51c', 'HTTPHeaders': {'x-amzn-requestid': 'd8328872-cf46-11e7-aa94-0750af75b51c', 'date': 'Wed, 22 Nov 2017 05:34:43 GMT', 'content-length': '339', 'content-type': 'text/xml'}}, u'Label': 'TaskNodesRunning'}