{u'Datapoints': [], 'ResponseMetadata': {'RetryAttempts': 0, 'HTTPStatusCode': 200, 'RequestId': '38a9d0c1-cf47-11e7-a9c2-edc8d562d764', 'HTTPHeaders': {'x-amzn-requestid': '38a9d0c1-cf47-11e7-a9c2-edc8d562d764', 'date': 'Wed, 22 Nov 2017 05:37:25 GMT', 'content-length': '339', 'content-type': 'text/xml'}}, u'Label': 'TaskNodesRunning'}{u'Datapoints': [], 'ResponseMetadata': {'RetryAttempts': 0, 'HTTPStatusCode': 200, 'RequestId': '3aac7dba-cf47-11e7-b59f-1df78fa29814', 'HTTPHeaders': {'x-amzn-requestid': '3aac7dba-cf47-11e7-b59f-1df78fa29814', 'date': 'Wed, 22 Nov 2017 05:37:29 GMT', 'content-length': '339', 'content-type': 'text/xml'}}, u'Label': 'TaskNodesRunning'}