{u'Datapoints': [], 'ResponseMetadata': {'RetryAttempts': 0, 'HTTPStatusCode': 200, 'RequestId': '2dca278a-cf47-11e7-b92c-5fde9b5913a0', 'HTTPHeaders': {'x-amzn-requestid': '2dca278a-cf47-11e7-b92c-5fde9b5913a0', 'date': 'Wed, 22 Nov 2017 05:37:06 GMT', 'content-length': '339', 'content-type': 'text/xml'}}, u'Label': 'TaskNodesRunning'}{u'Datapoints': [], 'ResponseMetadata': {'RetryAttempts': 0, 'HTTPStatusCode': 200, 'RequestId': '2f923ce0-cf47-11e7-abf4-e95e06881fa2', 'HTTPHeaders': {'x-amzn-requestid': '2f923ce0-cf47-11e7-abf4-e95e06881fa2', 'date': 'Wed, 22 Nov 2017 05:37:10 GMT', 'content-length': '339', 'content-type': 'text/xml'}}, u'Label': 'TaskNodesRunning'}