{u'Datapoints': [], 'ResponseMetadata': {'RetryAttempts': 0, 'HTTPStatusCode': 200, 'RequestId': '040ce136-cf47-11e7-8449-577e84f0bf5d', 'HTTPHeaders': {'x-amzn-requestid': '040ce136-cf47-11e7-8449-577e84f0bf5d', 'date': 'Wed, 22 Nov 2017 05:35:57 GMT', 'content-length': '339', 'content-type': 'text/xml'}}, u'Label': 'TaskNodesRunning'}{u'Datapoints': [], 'ResponseMetadata': {'RetryAttempts': 0, 'HTTPStatusCode': 200, 'RequestId': '0616e278-cf47-11e7-b6e0-13a8976a93ee', 'HTTPHeaders': {'x-amzn-requestid': '0616e278-cf47-11e7-b6e0-13a8976a93ee', 'date': 'Wed, 22 Nov 2017 05:36:00 GMT', 'content-length': '339', 'content-type': 'text/xml'}}, u'Label': 'TaskNodesRunning'}