{u'Datapoints': [], 'ResponseMetadata': {'RetryAttempts': 0, 'HTTPStatusCode': 200, 'RequestId': 'e6dddfb4-cf46-11e7-8e02-853a56ae4a94', 'HTTPHeaders': {'x-amzn-requestid': 'e6dddfb4-cf46-11e7-8e02-853a56ae4a94', 'date': 'Wed, 22 Nov 2017 05:35:08 GMT', 'content-length': '339', 'content-type': 'text/xml'}}, u'Label': 'TaskNodesRunning'}{u'Datapoints': [], 'ResponseMetadata': {'RetryAttempts': 0, 'HTTPStatusCode': 200, 'RequestId': 'e99d4d4e-cf46-11e7-89f2-53c43a5b596f', 'HTTPHeaders': {'x-amzn-requestid': 'e99d4d4e-cf46-11e7-89f2-53c43a5b596f', 'date': 'Wed, 22 Nov 2017 05:35:12 GMT', 'content-length': '339', 'content-type': 'text/xml'}}, u'Label': 'TaskNodesRunning'}