{u'Datapoints': [], 'ResponseMetadata': {'RetryAttempts': 0, 'HTTPStatusCode': 200, 'RequestId': 'fccc57c4-cf46-11e7-8a24-4dc490765d44', 'HTTPHeaders': {'x-amzn-requestid': 'fccc57c4-cf46-11e7-8a24-4dc490765d44', 'date': 'Wed, 22 Nov 2017 05:35:44 GMT', 'content-length': '339', 'content-type': 'text/xml'}}, u'Label': 'TaskNodesRunning'}{u'Datapoints': [], 'ResponseMetadata': {'RetryAttempts': 0, 'HTTPStatusCode': 200, 'RequestId': 'ffc91cf2-cf46-11e7-9525-21353838877d', 'HTTPHeaders': {'x-amzn-requestid': 'ffc91cf2-cf46-11e7-9525-21353838877d', 'date': 'Wed, 22 Nov 2017 05:35:49 GMT', 'content-length': '339', 'content-type': 'text/xml'}}, u'Label': 'TaskNodesRunning'}